
20. Executing CHECK pass (checking for obvious problems).
Checking module heichips25_template...
Warning: Wire heichips25_template.\uo_out [7] is used but has no driver.
Warning: Wire heichips25_template.\uo_out [6] is used but has no driver.
Warning: Wire heichips25_template.\uo_out [5] is used but has no driver.
Warning: Wire heichips25_template.\uo_out [4] is used but has no driver.
Warning: Wire heichips25_template.\uo_out [3] is used but has no driver.
Warning: Wire heichips25_template.\uo_out [2] is used but has no driver.
Warning: Wire heichips25_template.\uo_out [1] is used but has no driver.
Warning: Wire heichips25_template.\uo_out [0] is used but has no driver.
Warning: Wire heichips25_template.\uio_out [7] is used but has no driver.
Warning: Wire heichips25_template.\uio_out [6] is used but has no driver.
Warning: Wire heichips25_template.\uio_out [5] is used but has no driver.
Warning: Wire heichips25_template.\uio_out [4] is used but has no driver.
Warning: Wire heichips25_template.\uio_out [3] is used but has no driver.
Warning: Wire heichips25_template.\uio_out [2] is used but has no driver.
Warning: Wire heichips25_template.\uio_out [1] is used but has no driver.
Warning: Wire heichips25_template.\uio_out [0] is used but has no driver.
Checking module pc...
Checking module memory...
Checking module reg_a...
Checking module reg_b...
Checking module adder...
Checking module ir...
Checking module controller...
Checking module top...
Warning: Wire top.\rst is used but has no driver.
Checking module clock...
Found and reported 17 problems.
