
20. Executing CHECK pass (checking for obvious problems).
Checking module heichips25_template...
Warning: Wire heichips25_template.\uo_out [7] is used but has no driver.
Warning: Wire heichips25_template.\uo_out [6] is used but has no driver.
Warning: Wire heichips25_template.\uo_out [5] is used but has no driver.
Warning: Wire heichips25_template.\uo_out [4] is used but has no driver.
Warning: Wire heichips25_template.\uo_out [3] is used but has no driver.
Warning: Wire heichips25_template.\uo_out [2] is used but has no driver.
Warning: Wire heichips25_template.\uo_out [1] is used but has no driver.
Warning: Wire heichips25_template.\uo_out [0] is used but has no driver.
Warning: Wire heichips25_template.\uio_out [7] is used but has no driver.
Warning: Wire heichips25_template.\uio_out [6] is used but has no driver.
Warning: Wire heichips25_template.\uio_out [5] is used but has no driver.
Warning: Wire heichips25_template.\uio_out [4] is used but has no driver.
Warning: Wire heichips25_template.\uio_out [3] is used but has no driver.
Warning: Wire heichips25_template.\uio_out [2] is used but has no driver.
Warning: Wire heichips25_template.\uio_out [1] is used but has no driver.
Warning: Wire heichips25_template.\uio_out [0] is used but has no driver.
Checking module pc...
Checking module ir...
Checking module memory...
Warning: multiple conflicting drivers for memory.\mar [15]:
    port Q[15] of cell $procdff$434 ($dff)
    port Q[15] of cell $procdff$425 ($dff)
Warning: multiple conflicting drivers for memory.\mar [14]:
    port Q[14] of cell $procdff$434 ($dff)
    port Q[14] of cell $procdff$425 ($dff)
Warning: multiple conflicting drivers for memory.\mar [13]:
    port Q[13] of cell $procdff$434 ($dff)
    port Q[13] of cell $procdff$425 ($dff)
Warning: multiple conflicting drivers for memory.\mar [12]:
    port Q[12] of cell $procdff$434 ($dff)
    port Q[12] of cell $procdff$425 ($dff)
Warning: multiple conflicting drivers for memory.\mar [11]:
    port Q[11] of cell $procdff$434 ($dff)
    port Q[11] of cell $procdff$425 ($dff)
Warning: multiple conflicting drivers for memory.\mar [10]:
    port Q[10] of cell $procdff$434 ($dff)
    port Q[10] of cell $procdff$425 ($dff)
Warning: multiple conflicting drivers for memory.\mar [9]:
    port Q[9] of cell $procdff$434 ($dff)
    port Q[9] of cell $procdff$425 ($dff)
Warning: multiple conflicting drivers for memory.\mar [8]:
    port Q[8] of cell $procdff$434 ($dff)
    port Q[8] of cell $procdff$425 ($dff)
Warning: multiple conflicting drivers for memory.\mar [7]:
    port Q[7] of cell $procdff$434 ($dff)
    port Q[7] of cell $procdff$425 ($dff)
Warning: multiple conflicting drivers for memory.\mar [6]:
    port Q[6] of cell $procdff$434 ($dff)
    port Q[6] of cell $procdff$425 ($dff)
Warning: multiple conflicting drivers for memory.\mar [5]:
    port Q[5] of cell $procdff$434 ($dff)
    port Q[5] of cell $procdff$425 ($dff)
Warning: multiple conflicting drivers for memory.\mar [4]:
    port Q[4] of cell $procdff$434 ($dff)
    port Q[4] of cell $procdff$425 ($dff)
Warning: multiple conflicting drivers for memory.\mar [3]:
    port Q[3] of cell $procdff$434 ($dff)
    port Q[3] of cell $procdff$425 ($dff)
Warning: multiple conflicting drivers for memory.\mar [2]:
    port Q[2] of cell $procdff$434 ($dff)
    port Q[2] of cell $procdff$425 ($dff)
Warning: multiple conflicting drivers for memory.\mar [1]:
    port Q[1] of cell $procdff$434 ($dff)
    port Q[1] of cell $procdff$425 ($dff)
Warning: multiple conflicting drivers for memory.\mar [0]:
    port Q[0] of cell $procdff$434 ($dff)
    port Q[0] of cell $procdff$425 ($dff)
Warning: multiple conflicting drivers for memory.\mdr [15]:
    port Q[15] of cell $procdff$435 ($dff)
    port Q[15] of cell $procdff$426 ($dff)
Warning: multiple conflicting drivers for memory.\mdr [14]:
    port Q[14] of cell $procdff$435 ($dff)
    port Q[14] of cell $procdff$426 ($dff)
Warning: multiple conflicting drivers for memory.\mdr [13]:
    port Q[13] of cell $procdff$435 ($dff)
    port Q[13] of cell $procdff$426 ($dff)
Warning: multiple conflicting drivers for memory.\mdr [12]:
    port Q[12] of cell $procdff$435 ($dff)
    port Q[12] of cell $procdff$426 ($dff)
Warning: multiple conflicting drivers for memory.\mdr [11]:
    port Q[11] of cell $procdff$435 ($dff)
    port Q[11] of cell $procdff$426 ($dff)
Warning: multiple conflicting drivers for memory.\mdr [10]:
    port Q[10] of cell $procdff$435 ($dff)
    port Q[10] of cell $procdff$426 ($dff)
Warning: multiple conflicting drivers for memory.\mdr [9]:
    port Q[9] of cell $procdff$435 ($dff)
    port Q[9] of cell $procdff$426 ($dff)
Warning: multiple conflicting drivers for memory.\mdr [8]:
    port Q[8] of cell $procdff$435 ($dff)
    port Q[8] of cell $procdff$426 ($dff)
Warning: multiple conflicting drivers for memory.\mdr [7]:
    port Q[7] of cell $procdff$435 ($dff)
    port Q[7] of cell $procdff$426 ($dff)
Warning: multiple conflicting drivers for memory.\mdr [6]:
    port Q[6] of cell $procdff$435 ($dff)
    port Q[6] of cell $procdff$426 ($dff)
Warning: multiple conflicting drivers for memory.\mdr [5]:
    port Q[5] of cell $procdff$435 ($dff)
    port Q[5] of cell $procdff$426 ($dff)
Warning: multiple conflicting drivers for memory.\mdr [4]:
    port Q[4] of cell $procdff$435 ($dff)
    port Q[4] of cell $procdff$426 ($dff)
Warning: multiple conflicting drivers for memory.\mdr [3]:
    port Q[3] of cell $procdff$435 ($dff)
    port Q[3] of cell $procdff$426 ($dff)
Warning: multiple conflicting drivers for memory.\mdr [2]:
    port Q[2] of cell $procdff$435 ($dff)
    port Q[2] of cell $procdff$426 ($dff)
Warning: multiple conflicting drivers for memory.\mdr [1]:
    port Q[1] of cell $procdff$435 ($dff)
    port Q[1] of cell $procdff$426 ($dff)
Warning: multiple conflicting drivers for memory.\mdr [0]:
    port Q[0] of cell $procdff$435 ($dff)
    port Q[0] of cell $procdff$426 ($dff)
Checking module register...
Checking module alu...
Checking module flags...
Checking module controller...
Checking module top...
Checking module clock...
Found and reported 48 problems.
