
===========================================================================
report_checks -unconstrained
===========================================================================
======================= nom_slow_1p08V_125C Corner ===================================

No paths found.


===========================================================================
report_checks --slack_max -0.01
============================================================================
======================= nom_slow_1p08V_125C Corner ===================================

No paths found.


===========================================================================
 report_check_types -max_slew -max_cap -max_fanout -violators
============================================================================
======================= nom_slow_1p08V_125C Corner ===================================



===========================================================================
report_parasitic_annotation -report_unannotated
============================================================================
Found 43 unannotated drivers.
 clk
 ena
 rst_n
 ui_in[0]
 ui_in[1]
 ui_in[2]
 ui_in[3]
 ui_in[4]
 ui_in[5]
 ui_in[6]
 ui_in[7]
 uio_in[0]
 uio_in[1]
 uio_in[2]
 uio_in[3]
 uio_in[4]
 uio_in[5]
 uio_in[6]
 uio_in[7]
 _00_/L_HI
 _01_/L_HI
 _02_/L_HI
 _03_/L_HI
 _04_/L_HI
 _05_/L_HI
 _06_/L_HI
 _07_/L_HI
 _08_/L_LO
 _09_/L_LO
 _10_/L_LO
 _11_/L_LO
 _12_/L_LO
 _13_/L_LO
 _14_/L_LO
 _15_/L_LO
 _16_/L_LO
 _17_/L_LO
 _18_/L_LO
 _19_/L_LO
 _20_/L_LO
 _21_/L_LO
 _22_/L_LO
 _23_/L_LO
Found 0 partially unannotated drivers.

===========================================================================
max slew violation count 0
max fanout violation count 0
max cap violation count 0
============================================================================

===========================================================================
check_setup -verbose -unconstrained_endpoints -multiple_clock -no_clock -no_input_delay -loops -generated_clocks
===========================================================================
